
  [30;43;1m WARN [39;49;22m Your XML configuration validates against a deprecated schema. Migrate your XML configuration using "--migrate-configuration"!

   PASS  Tests\Unit\ExampleTest
  Ô£ô that true is true

   FAIL  Tests\Feature\EbookUploadTest
  Ô¿» uploading tÔÇª 0.28s  
  Ô¿» uploading pÔÇª 0.02s  

   PASS  Tests\Feature\ExampleTest
  Ô£ô the applicaÔÇª 0.03s  

   PASS  Tests\Feature\UserReadingTest
  Ô£ô guest can sÔÇª 0.02s  
  Ô£ô user can reÔÇª 0.03s  
  Ô£ô guest cannoÔÇª 0.02s  
  Ô£ô normal userÔÇª 0.02s  
  Ô£ô admin can aÔÇª 0.02s  
  ÔöÇÔöÇÔöÇÔöÇÔöÇÔöÇÔöÇÔöÇÔöÇÔöÇÔöÇÔöÇÔöÇÔöÇÔöÇÔöÇÔöÇÔöÇÔöÇÔöÇ  
   FAILED  Tests\FeaÔÇª   
  Expected response status code [201, 301, 302, 303, 307, 308] but received 403.
Failed asserting that false is true.

  at tests\Feature\EbookUploadTest.php:27
     23Ôûò         $response = $this->actingAs($user)->post('/upload', [
     24Ôûò             'ebook' => $file,
     25Ôûò         ]);
     26Ôûò 
  Ô×£  27Ôûò         $response->assertRedirect('/');
     28Ôûò         $response->assertSessionHas('success');
     29Ôûò 
     30Ôûò         $this->assertDatabaseHas('ebooks', [
     31Ôûò             'title' => 'Ein bisschen Text.',

  ÔöÇÔöÇÔöÇÔöÇÔöÇÔöÇÔöÇÔöÇÔöÇÔöÇÔöÇÔöÇÔöÇÔöÇÔöÇÔöÇÔöÇÔöÇÔöÇÔöÇ  
   FAILED  Tests\FeaÔÇª   
  Expected response status code [201, 301, 302, 303, 307, 308] but received 403.
Failed asserting that false is true.

  at tests\Feature\EbookUploadTest.php:51
     47Ôûò         $response = $this->actingAs($user)->post('/upload', [
     48Ôûò             'ebook' => $file,
     49Ôûò         ]);
     50Ôûò 
  Ô×£  51Ôûò         $response->assertRedirect('/');
     52Ôûò         $response->assertSessionHas('success');
     53Ôûò 
     54Ôûò         $this->assertDatabaseHas('ebooks', [
     55Ôûò             'title' => 'Unbekanntes PDF Dokument',


  Tests:    2 failed, 7 passed (12 assertions)
  Duration: 0.57s

